###############################################################################
#
# IAR ELF Linker V3.10.1.201 for STM8                     17/Dec/2019  15:23:54
# Copyright 2010-2017 IAR Systems AB.
#
#    Output file  =  
#        D:\STM\STM8L\LoRa_Tracker-pingpong\Source\Debug\Exe\LoRa_Dronee.out
#    Map file     =  
#        D:\STM\STM8L\LoRa_Tracker-pingpong\Source\Debug\List\LoRa_Dronee.map
#    Command line =  
#        -f C:\Users\User\AppData\Local\Temp\EW7137.tmp
#        (D:\STM\STM8L\LoRa_Tracker-pingpong\Source\Debug\Obj\LoST_Clock.o
#        D:\STM\STM8L\LoRa_Tracker-pingpong\Source\Debug\Obj\LoST_EXT.o
#        D:\STM\STM8L\LoRa_Tracker-pingpong\Source\Debug\Obj\LoST_GPIO.o
#        D:\STM\STM8L\LoRa_Tracker-pingpong\Source\Debug\Obj\LoST_SPI.o
#        D:\STM\STM8L\LoRa_Tracker-pingpong\Source\Debug\Obj\main.o
#        D:\STM\STM8L\LoRa_Tracker-pingpong\Source\Debug\Obj\Radio_Methods.o
#        D:\STM\STM8L\LoRa_Tracker-pingpong\Source\Debug\Obj\stm8l15x_clk.o
#        D:\STM\STM8L\LoRa_Tracker-pingpong\Source\Debug\Obj\stm8l15x_exti.o
#        D:\STM\STM8L\LoRa_Tracker-pingpong\Source\Debug\Obj\stm8l15x_gpio.o
#        D:\STM\STM8L\LoRa_Tracker-pingpong\Source\Debug\Obj\stm8l15x_it.o
#        D:\STM\STM8L\LoRa_Tracker-pingpong\Source\Debug\Obj\stm8l15x_spi.o
#        D:\STM\STM8L\LoRa_Tracker-pingpong\Source\Debug\Obj\stm8l15x_usart.o
#        D:\STM\STM8L\LoRa_Tracker-pingpong\Source\Debug\Obj\UART.o --redirect
#        _Printf=_PrintfFullNoMb --redirect _Scanf=_ScanfFullNoMb -o
#        D:\STM\STM8L\LoRa_Tracker-pingpong\Source\Debug\Exe\LoRa_Dronee.out
#        --map
#        D:\STM\STM8L\LoRa_Tracker-pingpong\Source\Debug\List\LoRa_Dronee.map
#        --config "C:\Program Files (x86)\IAR Systems\Embedded Workbench
#        8.0\stm8\config\lnkstm8l152k6.icf" --config_def _CSTACK_SIZE=0x100
#        --config_def _HEAP_SIZE=0x100 --entry __iar_program_start --debug_lib)
#
###############################################################################

*******************************************************************************
*** RUNTIME MODEL ATTRIBUTES
***

__Heap_Handler             = Basic
__SystemLibrary            = DLib
__code_model               = small
__core                     = stm8
__data_model               = medium
__dlib_file_descriptor     = 1
__dlib_full_locale_support = 1
__rt_version               = 4


*******************************************************************************
*** PLACEMENT SUMMARY
***

"A0":  place at start of [0x000000-0x0000ff] { rw section .vregs };
"A1":  place at end of [0x000000-0x0007ff] { block CSTACK };
"P2":  place in [from 0x000000 to 0x0007ff] {
          block HEAP, rw section __DLIB_PERTHREAD, rw section .far.bss,
          rw section .far.data, rw section .far.noinit,
          rw section .far_func.textrw, rw section .huge.bss,
          rw section .huge.data, rw section .huge.noinit,
          rw section .huge_func.textrw, rw section .iar.dynexit,
          rw section .near.bss, rw section .near.data, rw section .near.noinit,
          rw section .near_func.textrw };
"A2":  place at start of [0x008000-0x00ffff] { block INTVEC };
"P3":  place in [from 0x008000 to 0x00ffff] {
          ro section __DLIB_PERTHREAD_init, ro section .far.data_init,
          ro section .far_func.textrw_init, ro section .huge.data_init,
          ro section .huge_func.textrw_init, ro section .iar.init_table,
          ro section .init_array, ro section .near.data_init,
          ro section .near.rodata, ro section .near_func.text,
          ro section .near_func.textrw_init, ro section .tiny.data_init,
          ro section .tiny.rodata_init };
"P4":  place in [from 0x008000 to 0x00ffff] {
          ro section .far.rodata, ro section .far_func.text };
"P5":  place in [from 0x008000 to 0x00ffff] {
          ro section .huge.rodata, ro section .huge_func.text };
do not initialize {
   rw section .eeprom.noinit, rw section .far.noinit, rw section .huge.noinit,
   rw section .near.noinit, rw section .tiny.noinit, rw section .vregs };
initialize by copy {
   rw section .far.bss, rw section .far.data, rw section .far_func.textrw,
   rw section .huge.bss, rw section .huge.data, rw section .huge_func.textrw,
   rw section .iar.dynexit, rw section .near.bss, rw section .near.data,
   rw section .near_func.textrw, rw section .tiny.bss, rw section .tiny.data,
   ro section .tiny.rodata };

  Section            Kind      Address    Size  Object
  -------            ----      -------    ----  ------
"A0":                                     0x10
  .vregs             uninit   0x000000    0x10  vregs.o [4]
                            - 0x000010    0x10

"P2", part 1 of 2:                        0x1a
  P2-1                        0x000010    0x1a  <Init block>
    .near.data       inited   0x000010    0x14  main.o [1]
    .near.data       inited   0x000024     0x2  main.o [1]
    .near.data       inited   0x000026     0x1  main.o [1]
    .near.data       inited   0x000027     0x1  Radio_Methods.o [1]
    .near.data       inited   0x000028     0x1  Radio_Methods.o [1]
    .near.data       inited   0x000029     0x1  Radio_Methods.o [1]
                            - 0x00002a    0x1a

"P2", part 2 of 2:                       0x12b
  .near.bss          zero     0x00002a    0xff  main.o [1]
  .near.bss          zero     0x000129    0x18  main.o [1]
  .near.bss          zero     0x000141     0xd  main.o [1]
  .near.bss          zero     0x00014e     0x2  Radio_Methods.o [1]
  .near.bss          zero     0x000150     0x2  errno.o [4]
  .near.bss          zero     0x000152     0x1  main.o [1]
  .near.bss          zero     0x000153     0x1  Radio_Methods.o [1]
  .near.bss          zero     0x000154     0x1  Radio_Methods.o [1]
                            - 0x000155   0x12b

"A1":                                    0x100
  CSTACK                      0x000700   0x100  <Block>
    CSTACK           uninit   0x000700   0x100  <Block tail>
                            - 0x000800   0x100

"A2":                                     0x80
  INTVEC                      0x008000    0x80  <Block>
    .intvec          const    0x008000    0x80  interrupt.o [4]
                            - 0x008080    0x80

"P3-P5":                                0x386c
  .near_func.text    ro code  0x008080   0x5bb  Radio_Methods.o [1]
  .near_func.text    ro code  0x00863b   0x4c7  float.o [4]
  .near_func.text    ro code  0x008b02   0x3d2  Radio_Methods.o [1]
  .near_func.text    ro code  0x008ed4   0x3b9  Radio_Methods.o [1]
  .near_func.text    ro code  0x00928d   0x2fa  pow.o [4]
  .near_func.text    ro code  0x009587   0x1f5  xexp.o [4]
  .near_func.text    ro code  0x00977c   0x181  float_libsup.o [4]
  .near_func.text    ro code  0x0098fd   0x13a  vreg_util.o [4]
  .near_func.text    ro code  0x009a37   0x131  long.o [4]
  .near_func.text    ro code  0x009b68   0x11f  stm8l15x_exti.o [1]
  .near_func.text    ro code  0x009c87   0x11c  Radio_Methods.o [1]
  .near_func.text    ro code  0x009da3   0x102  Radio_Methods.o [1]
  .near_func.text    ro code  0x009ea5    0xeb  Radio_Methods.o [1]
  .near_func.text    ro code  0x009f90    0xcf  stm8l15x_usart.o [1]
  .near_func.text    ro code  0x00a05f    0xcb  xdint.o [4]
  .near_func.text    ro code  0x00a12a    0xbf  main.o [1]
  .near_func.text    ro code  0x00a1e9    0xbc  main.o [1]
  .near_func.text    ro code  0x00a2a5    0xb3  Radio_Methods.o [1]
  .near_func.text    ro code  0x00a358    0x9f  Radio_Methods.o [1]
  .near_func.text    ro code  0x00a3f7    0x94  stm8l15x_usart.o [1]
  .near_func.text    ro code  0x00a48b    0x91  stm8l15x_clk.o [1]
  .near_func.text    ro code  0x00a51c    0x8e  stm8l15x_clk.o [1]
  .near_func.text    ro code  0x00a5aa    0x8e  stm8l15x_gpio.o [1]
  .near.rodata       const    0x00a638    0x82  main.o [1]
  .near_func.text    ro code  0x00a6ba    0x79  UART.o [1]
  .near_func.text    ro code  0x00a733    0x76  long_util.o [4]
  .near_func.text    ro code  0x00a7a9    0x6c  Radio_Methods.o [1]
  .near_func.text    ro code  0x00a815    0x5f  Radio_Methods.o [1]
  .near_func.text    ro code  0x00a874    0x5d  LoST_SPI.o [1]
  .near_func.text    ro code  0x00a8d1    0x5d  Radio_Methods.o [1]
  .near_func.text    ro code  0x00a92e    0x5b  Radio_Methods.o [1]
  .near_func.text    ro code  0x00a989    0x58  Radio_Methods.o [1]
  .near_func.text    ro code  0x00a9e1    0x56  Radio_Methods.o [1]
  .near_func.text    ro code  0x00aa37    0x55  Radio_Methods.o [1]
  .near_func.text    ro code  0x00aa8c    0x55  Radio_Methods.o [1]
  .near_func.text    ro code  0x00aae1    0x55  UART.o [1]
  .near_func.text    ro code  0x00ab36    0x51  Radio_Methods.o [1]
  .near_func.text    ro code  0x00ab87    0x51  stm8l15x_usart.o [1]
  .near_func.text    ro code  0x00abd8    0x4d  Radio_Methods.o [1]
  .near_func.text    ro code  0x00ac25    0x46  Radio_Methods.o [1]
  .near_func.text    ro code  0x00ac6b    0x46  stm8l15x_spi.o [1]
  .near_func.text    ro code  0x00acb1    0x45  Radio_Methods.o [1]
  .near_func.text    ro code  0x00acf6    0x45  Radio_Methods.o [1]
  .near_func.text    ro code  0x00ad3b    0x44  Radio_Methods.o [1]
  .near_func.text    ro code  0x00ad7f    0x41  stm8l15x_clk.o [1]
  .near_func.text    ro code  0x00adc0    0x3e  Radio_Methods.o [1]
  .near_func.text    ro code  0x00adfe    0x3c  Radio_Methods.o [1]
  .near_func.text    ro code  0x00ae3a    0x3c  Radio_Methods.o [1]
  .near_func.text    ro code  0x00ae76    0x3b  LoST_GPIO.o [1]
  .near_func.text    ro code  0x00aeb1    0x3a  Radio_Methods.o [1]
  .near_func.text    ro code  0x00aeeb    0x39  Radio_Methods.o [1]
  .near_func.text    ro code  0x00af24    0x39  Radio_Methods.o [1]
  .near_func.text    ro code  0x00af5d    0x37  Radio_Methods.o [1]
  .near_func.text    ro code  0x00af94    0x36  Radio_Methods.o [1]
  .near_func.text    ro code  0x00afca    0x36  stm8l15x_exti.o [1]
  .near_func.text    ro code  0x00b000    0x35  Radio_Methods.o [1]
  .near_func.text    ro code  0x00b035    0x35  Radio_Methods.o [1]
  .near_func.text    ro code  0x00b06a    0x34  Radio_Methods.o [1]
  .near_func.text    ro code  0x00b09e    0x34  UART.o [1]
  .near_func.text    ro code  0x00b0d2    0x30  short.o [4]
  .near_func.text    ro code  0x00b102    0x2e  Radio_Methods.o [1]
  .near_func.text    ro code  0x00b130    0x2d  Radio_Methods.o [1]
  .near_func.text    ro code  0x00b15d    0x2c  stm8l15x_gpio.o [1]
  .near_func.text    ro code  0x00b189    0x2b  Radio_Methods.o [1]
  .near_func.text    ro code  0x00b1b4    0x2b  stm8l15x_usart.o [1]
  .near_func.text    ro code  0x00b1df    0x29  Radio_Methods.o [1]
  .near_func.text    ro code  0x00b208    0x28  Radio_Methods.o [1]
  .near_func.text    ro code  0x00b230    0x28  init_small.o [4]
  .near_func.text    ro code  0x00b258    0x27  Radio_Methods.o [1]
  .near_func.text    ro code  0x00b27f    0x27  stm8l15x_usart.o [1]
  .near_func.text    ro code  0x00b2a6    0x26  Radio_Methods.o [1]
  .near_func.text    ro code  0x00b2cc    0x25  Radio_Methods.o [1]
  .near_func.text    ro code  0x00b2f1    0x25  Radio_Methods.o [1]
  .near_func.text    ro code  0x00b316    0x25  dc_util.o [4]
  .near_func.text    ro code  0x00b33b    0x24  Radio_Methods.o [1]
  .near_func.text    ro code  0x00b35f    0x24  Radio_Methods.o [1]
  .near_func.text    ro code  0x00b383    0x24  Radio_Methods.o [1]
  .near_func.text    ro code  0x00b3a7    0x23  LoST_SPI.o [1]
  .near_func.text    ro code  0x00b3ca    0x23  Radio_Methods.o [1]
  .near_func.text    ro code  0x00b3ed    0x23  Radio_Methods.o [1]
  .near_func.text    ro code  0x00b410    0x23  Radio_Methods.o [1]
  .near_func.text    ro code  0x00b433    0x22  stm8l15x_exti.o [1]
  .near_func.text    ro code  0x00b455    0x21  Radio_Methods.o [1]
  .near_func.text    ro code  0x00b476    0x21  stm8l15x_exti.o [1]
  .iar.init_table    const    0x00b497    0x12  - Linker created -
  .near_func.text    ro code  0x00b4a9    0x1f  Radio_Methods.o [1]
  .near_func.text    ro code  0x00b4c8    0x1f  Radio_Methods.o [1]
  .near_func.text    ro code  0x00b4e7    0x1f  move.o [4]
  .near_func.text    ro code  0x00b506    0x1f  xlog.o [4]
  .near_func.text    ro code  0x00b525    0x1e  Radio_Methods.o [1]
  .near_func.text    ro code  0x00b543    0x1e  init_small.o [4]
  .near_func.text    ro code  0x00b561    0x1d  stm8l15x_spi.o [1]
  .near_func.text    ro code  0x00b57e    0x1b  Radio_Methods.o [1]
  .near_func.text    ro code  0x00b599    0x1b  stm8l15x_spi.o [1]
  .near_func.text    ro code  0x00b5b4    0x1a  LoST_GPIO.o [1]
  .near_func.text    ro code  0x00b5ce    0x1a  Radio_Methods.o [1]
  .near_func.text    ro code  0x00b5e8    0x1a  stm8l15x_spi.o [1]
  Initializer bytes  const    0x00b602    0x1a  <for P2-1>
  .near_func.text    ro code  0x00b61c    0x19  Radio_Methods.o [1]
  .near_func.text    ro code  0x00b635    0x17  Radio_Methods.o [1]
  .near_func.text    ro code  0x00b64c    0x16  LoST_GPIO.o [1]
  .near_func.text    ro code  0x00b662    0x16  Radio_Methods.o [1]
  .near_func.text    ro code  0x00b678    0x16  Radio_Methods.o [1]
  .near_func.text    ro code  0x00b68e    0x16  memset.o [4]
  .near_func.text    ro code  0x00b6a4    0x15  Radio_Methods.o [1]
  .near_func.text    ro code  0x00b6b9    0x14  Radio_Methods.o [1]
  .near_func.text    ro code  0x00b6cd    0x14  init.o [4]
  .near_func.text    ro code  0x00b6e1    0x14  __dbg_xxexit.o [3]
  .near_func.text    ro code  0x00b6f5    0x13  cstartup.o [4]
  .near_func.text    ro code  0x00b708    0x12  LoST_Clock.o [1]
  .near_func.text    ro code  0x00b71a    0x12  stm8l15x_gpio.o [1]
  .near_func.text    ro code  0x00b72c    0x11  LoST_EXT.o [1]
  .near_func.text    ro code  0x00b73d    0x11  Radio_Methods.o [1]
  .near_func.text    ro code  0x00b74e    0x11  Radio_Methods.o [1]
  .near_func.text    ro code  0x00b75f    0x11  Radio_Methods.o [1]
  .near_func.text    ro code  0x00b770    0x11  stm8l15x_spi.o [1]
  .near_func.text    ro code  0x00b781     0xf  main.o [1]
  .near_func.text    ro code  0x00b790     0xe  Radio_Methods.o [1]
  .near_func.text    ro code  0x00b79e     0xe  stm8l15x_clk.o [1]
  .near_func.text    ro code  0x00b7ac     0xe  stm8l15x_clk.o [1]
  .near_func.text    ro code  0x00b7ba     0xd  main.o [1]
  .near_func.text    ro code  0x00b7c7     0xd  main.o [1]
  .near_func.text    ro code  0x00b7d4     0xd  Radio_Methods.o [1]
  .near_func.text    ro code  0x00b7e1     0xd  Radio_Methods.o [1]
  .near_func.text    ro code  0x00b7ee     0xc  char.o [4]
  .near_func.text    ro code  0x00b7fa     0xb  main.o [1]
  .near_func.text    ro code  0x00b805     0xa  Radio_Methods.o [1]
  .near_func.text    ro code  0x00b80f     0x9  Radio_Methods.o [1]
  .near_func.text    ro code  0x00b818     0x9  Radio_Methods.o [1]
  .near_func.text    ro code  0x00b821     0x9  Radio_Methods.o [1]
  .near_func.text    ro code  0x00b82a     0x9  xlog.o [4]
  .near.rodata       const    0x00b833     0x8  main.o [1]
  .near_func.text    ro code  0x00b83b     0x8  stm8l15x_spi.o [1]
  .near_func.text    ro code  0x00b843     0x8  xexp.o [4]
  .near_func.text    ro code  0x00b84b     0x8  xexp.o [4]
  .near_func.text    ro code  0x00b853     0x8  xexp.o [4]
  .near_func.text    ro code  0x00b85b     0x7  stm8l15x_gpio.o [1]
  .near_func.text    ro code  0x00b862     0x7  stm8l15x_gpio.o [1]
  .near.rodata       const    0x00b869     0x6  main.o [1]
  .near_func.text    ro code  0x00b86f     0x6  stm8l15x_usart.o [1]
  .near.rodata       const    0x00b875     0x5  main.o [1]
  .near.rodata       const    0x00b87a     0x5  main.o [1]
  .near.rodata       const    0x00b87f     0x5  stm8l15x_clk.o [1]
  .near_func.text    ro code  0x00b884     0x5  main.o [1]
  .near_func.text    ro code  0x00b889     0x5  main.o [1]
  .near_func.text    ro code  0x00b88e     0x5  Radio_Methods.o [1]
  .near_func.text    ro code  0x00b893     0x5  Radio_Methods.o [1]
  .near_func.text    ro code  0x00b898     0x5  stm8l15x_spi.o [1]
  .near_func.text    ro code  0x00b89d     0x5  cexit.o [4]
  .near_func.text    ro code  0x00b8a2     0x4  Radio_Methods.o [1]
  .near_func.text    ro code  0x00b8a6     0x4  Radio_Methods.o [1]
  .near_func.text    ro code  0x00b8aa     0x4  Radio_Methods.o [1]
  .near_func.text    ro code  0x00b8ae     0x4  stm8l15x_clk.o [1]
  .near.rodata       const    0x00b8b2     0x3  main.o [1]
  .near.rodata       const    0x00b8b5     0x3  main.o [1]
  .near.rodata       const    0x00b8b8     0x3  main.o [1]
  .near.rodata       const    0x00b8bb     0x3  Radio_Methods.o [1]
  .near_func.text    ro code  0x00b8be     0x3  interrupt.o [4]
  .near_func.text    ro code  0x00b8c1     0x3  low_level_init.o [4]
  .near_func.text    ro code  0x00b8c4     0x3  exit.o [4]
  .near_func.text    ro code  0x00b8c7     0x3  unhandled_exception.o [4]
  .near_func.text    ro code  0x00b8ca     0x1  main.o [1]
  .near_func.text    ro code  0x00b8cb     0x1  main.o [1]
  .near_func.text    ro code  0x00b8cc     0x1  main.o [1]
  .near_func.text    ro code  0x00b8cd     0x1  main.o [1]
  .near_func.text    ro code  0x00b8ce     0x1  Radio_Methods.o [1]
  .near_func.text    ro code  0x00b8cf     0x1  stm8l15x_it.o [1]
  .near_func.text    ro code  0x00b8d0     0x1  stm8l15x_it.o [1]
  .near_func.text    ro code  0x00b8d1     0x1  stm8l15x_it.o [1]
  .near_func.text    ro code  0x00b8d2     0x1  stm8l15x_it.o [1]
  .near_func.text    ro code  0x00b8d3     0x1  stm8l15x_it.o [1]
  .near_func.text    ro code  0x00b8d4     0x1  stm8l15x_it.o [1]
  .near_func.text    ro code  0x00b8d5     0x1  stm8l15x_it.o [1]
  .near_func.text    ro code  0x00b8d6     0x1  stm8l15x_it.o [1]
  .near_func.text    ro code  0x00b8d7     0x1  stm8l15x_it.o [1]
  .near_func.text    ro code  0x00b8d8     0x1  stm8l15x_it.o [1]
  .near_func.text    ro code  0x00b8d9     0x1  stm8l15x_it.o [1]
  .near_func.text    ro code  0x00b8da     0x1  stm8l15x_it.o [1]
  .near_func.text    ro code  0x00b8db     0x1  stm8l15x_it.o [1]
  .near_func.text    ro code  0x00b8dc     0x1  stm8l15x_it.o [1]
  .near_func.text    ro code  0x00b8dd     0x1  stm8l15x_it.o [1]
  .near_func.text    ro code  0x00b8de     0x1  stm8l15x_it.o [1]
  .near_func.text    ro code  0x00b8df     0x1  stm8l15x_it.o [1]
  .near_func.text    ro code  0x00b8e0     0x1  stm8l15x_it.o [1]
  .near_func.text    ro code  0x00b8e1     0x1  stm8l15x_it.o [1]
  .near_func.text    ro code  0x00b8e2     0x1  stm8l15x_it.o [1]
  .near_func.text    ro code  0x00b8e3     0x1  stm8l15x_it.o [1]
  .near_func.text    ro code  0x00b8e4     0x1  stm8l15x_it.o [1]
  .near_func.text    ro code  0x00b8e5     0x1  stm8l15x_it.o [1]
  .near_func.text    ro code  0x00b8e6     0x1  stm8l15x_it.o [1]
  .near_func.text    ro code  0x00b8e7     0x1  stm8l15x_it.o [1]
  .near_func.text    ro code  0x00b8e8     0x1  stm8l15x_it.o [1]
  .near_func.text    ro code  0x00b8e9     0x1  stm8l15x_it.o [1]
  .near_func.text    ro code  0x00b8ea     0x1  stm8l15x_it.o [1]
  .near_func.text    ro code  0x00b8eb     0x1  __dbg_break.o [3]
                            - 0x00b8ec  0x386c


*******************************************************************************
*** INIT TABLE
***

          Address   Size
          -------   ----
Zero (__iar_zero_init2)
    1 destination range, total size 0x12b:
          0x00002a  0x12b

Copy (__iar_copy_init2)
    1 source range, total size 0x1a:
          0x00b602   0x1a
    1 destination range, total size 0x1a:
          0x000010   0x1a



*******************************************************************************
*** MODULE SUMMARY
***

    Module                 ro code  ro data  rw data
    ------                 -------  -------  -------
D:\STM\STM8L\LoRa_Tracker-pingpong\Source\Debug\Obj: [1]
    LoST_Clock.o                18
    LoST_EXT.o                  17
    LoST_GPIO.o                107
    LoST_SPI.o                 128
    Radio_Methods.o          7 340        6        7
    UART.o                     258
    main.o                     445      186      316
    stm8l15x_clk.o             384        5
    stm8l15x_exti.o            408
    stm8l15x_gpio.o            218
    stm8l15x_it.o               28
    stm8l15x_spi.o             182
    stm8l15x_usart.o           524
    ------------------------------------------------
    Total:                  10 057      197      323

command line: [2]
    ------------------------------------------------
    Total:

dbgstm8smd.a: [3]
    __dbg_break.o                1
    __dbg_xxexit.o              20
    ------------------------------------------------
    Total:                      21

dlstm8smf.a: [4]
    cexit.o                      5
    char.o                      12
    cstartup.o                  19
    dc_util.o                   37
    errno.o                                        2
    exit.o                       3
    float.o                  1 223
    float_libsup.o             385
    init.o                      20
    init_small.o                70
    interrupt.o                  3      128
    long.o                     305
    long_util.o                118
    low_level_init.o             3
    memset.o                    22
    move.o                      31
    pow.o                      762
    short.o                     48
    unhandled_exception.o        3
    vreg_util.o                314
    vregs.o                                       16
    xdint.o                    203
    xexp.o                     525
    xlog.o                      40
    ------------------------------------------------
    Total:                   4 151      128       18

    Linker created                       18      256
----------------------------------------------------
    Grand Total:            14 229      343      597


*******************************************************************************
*** ENTRY LIST
***

Entry                    Address   Size  Type      Object
-----                    -------   ----  ----      ------
.iar.init_table$$Base   0x00b497          --   Gb  - Linker created -
.iar.init_table$$Limit  0x00b4a9          --   Gb  - Linker created -
?add32_l0_l0_0x         0x009a63         Code  Gb  long.o [4]
?add32_l0_l0_l1         0x009a60         Code  Gb  long.o [4]
?and32_l0_l0_0x         0x009b19         Code  Gb  long.o [4]
?and32_l0_l0_l1         0x009b16         Code  Gb  long.o [4]
?b0                     0x000000         Data  Gb  vregs.o [4]
?b1                     0x000001         Data  Gb  vregs.o [4]
?b10                    0x00000a         Data  Gb  vregs.o [4]
?b11                    0x00000b         Data  Gb  vregs.o [4]
?b12                    0x00000c         Data  Gb  vregs.o [4]
?b13                    0x00000d         Data  Gb  vregs.o [4]
?b14                    0x00000e         Data  Gb  vregs.o [4]
?b15                    0x00000f         Data  Gb  vregs.o [4]
?b2                     0x000002         Data  Gb  vregs.o [4]
?b3                     0x000003         Data  Gb  vregs.o [4]
?b4                     0x000004         Data  Gb  vregs.o [4]
?b5                     0x000005         Data  Gb  vregs.o [4]
?b6                     0x000006         Data  Gb  vregs.o [4]
?b7                     0x000007         Data  Gb  vregs.o [4]
?b8                     0x000008         Data  Gb  vregs.o [4]
?b9                     0x000009         Data  Gb  vregs.o [4]
?dc32_l0                0x00b316         Code  Gb  dc_util.o [4]
?dc32_l1                0x00b323         Code  Gb  dc_util.o [4]
?dc32_px                0x00b330         Code  Gb  dc_util.o [4]
?dec32_0x_0x            0x009a4c         Code  Gb  long.o [4]
?dec32_l0_l0            0x009a47         Code  Gb  long.o [4]
?e0                     0x000001         Data  Gb  vregs.o [4]
?e1                     0x000005         Data  Gb  vregs.o [4]
?e2                     0x000009         Data  Gb  vregs.o [4]
?e3                     0x00000d         Data  Gb  vregs.o [4]
?epilogue_l2            0x0099a4         Code  Gb  vreg_util.o [4]
?epilogue_l2_l3         0x0099a1         Code  Gb  vreg_util.o [4]
?epilogue_l2_w6         0x0099a8         Code  Gb  vreg_util.o [4]
?epilogue_w4            0x0099af         Code  Gb  vreg_util.o [4]
?fadd32_l0_l0_dc32      0x00865e         Code  Gb  float.o [4]
?fadd32_l0_l0_l1        0x008663         Code  Gb  float.o [4]
?fcastf32s16_l0_x       0x008922         Code  Gb  float.o [4]
?fcastf32s32_l0_l0      0x0089bd         Code  Gb  float.o [4]
?fcastf32u32_l0_l0      0x0089c8         Code  Gb  float.o [4]
?fcasts32f32_l0_l0      0x00895c         Code  Gb  float.o [4]
?fcastu32f32_l0_l0      0x008945         Code  Gb  float.o [4]
?fcmpeq32_c_0x_fzero    0x00888c         Code  Gb  float.o [4]
?fcmpeq32_c_l0_0x       0x008899         Code  Gb  float.o [4]
?fcmpeq32_c_l0_dc32     0x008894         Code  Gb  float.o [4]
?fcmpeq32_c_l0_fzero    0x008889         Code  Gb  float.o [4]
?fcmpge32_c_l0_0x       0x0088c3         Code  Gb  float.o [4]
?fcmpge32_c_l0_dc32     0x0088be         Code  Gb  float.o [4]
?fcmplt32_c_l0_0x       0x0088cc         Code  Gb  float.o [4]
?fcmplt32_c_l0_dc32     0x0088c7         Code  Gb  float.o [4]
?fdiv32_l0_dc32_l1      0x0087d1         Code  Gb  float.o [4]
?fdiv32_l0_l0_dc32      0x0087d6         Code  Gb  float.o [4]
?fdiv32_l0_l0_l1        0x0087db         Code  Gb  float.o [4]
?fmul32_l0_l0_dc32      0x008731         Code  Gb  float.o [4]
?fmul32_l0_l0_l1        0x008736         Code  Gb  float.o [4]
?fsub32_l0_l0_l1        0x008658         Code  Gb  float.o [4]
?l0                     0x000000         Data  Gb  vregs.o [4]
?l1                     0x000004         Data  Gb  vregs.o [4]
?l2                     0x000008         Data  Gb  vregs.o [4]
?l3                     0x00000c         Data  Gb  vregs.o [4]
?load32_0x_l0           0x00a77c         Code  Gb  long_util.o [4]
?load32_0x_l2           0x00a79b         Code  Gb  long_util.o [4]
?load32_asp_l0          0x00a770         Code  Gb  long_util.o [4]
?load32_asp_l2          0x00a78f         Code  Gb  long_util.o [4]
?load32_dbsp_l0         0x00a76b         Code  Gb  long_util.o [4]
?load32_dbsp_l2         0x00a78a         Code  Gb  long_util.o [4]
?load32_l0_0x           0x00a743         Code  Gb  long_util.o [4]
?load32_l0_asp          0x00a738         Code  Gb  long_util.o [4]
?load32_l0_dbsp         0x00a733         Code  Gb  long_util.o [4]
?load32_l0_xsp          0x00a73a         Code  Gb  long_util.o [4]
?load32_l1_0x           0x00a75f         Code  Gb  long_util.o [4]
?load32_l1_asp          0x00a754         Code  Gb  long_util.o [4]
?load32_l1_dbsp         0x00a74f         Code  Gb  long_util.o [4]
?load32_l1_xsp          0x00a756         Code  Gb  long_util.o [4]
?load32_xsp_l0          0x00a772         Code  Gb  long_util.o [4]
?load32_xsp_l2          0x00a791         Code  Gb  long_util.o [4]
?longfarg16_v_w0_a      0x00b4f4         Code  Gb  move.o [4]
?longfarg16_v_w0_x      0x00b4f6         Code  Gb  move.o [4]
?mov_e0_e1              0x0099d2         Code  Gb  vreg_util.o [4]
?mov_e0_e2              0x0099df         Code  Gb  vreg_util.o [4]
?mov_e0_e3              0x0099ec         Code  Gb  vreg_util.o [4]
?mov_e1_e0              0x0099f9         Code  Gb  vreg_util.o [4]
?mov_e1_e2              0x009a06         Code  Gb  vreg_util.o [4]
?mov_e2_e0              0x009a13         Code  Gb  vreg_util.o [4]
?mov_e3_e0              0x009a20         Code  Gb  vreg_util.o [4]
?mov_e3_e2              0x009a2d         Code  Gb  vreg_util.o [4]
?mov_l0_l1              0x0099cf         Code  Gb  vreg_util.o [4]
?mov_l0_l2              0x0099dc         Code  Gb  vreg_util.o [4]
?mov_l0_l3              0x0099e9         Code  Gb  vreg_util.o [4]
?mov_l1_l0              0x0099f6         Code  Gb  vreg_util.o [4]
?mov_l1_l2              0x009a03         Code  Gb  vreg_util.o [4]
?mov_l2_l0              0x009a10         Code  Gb  vreg_util.o [4]
?mov_l3_l0              0x009a1d         Code  Gb  vreg_util.o [4]
?mov_l3_l2              0x009a2a         Code  Gb  vreg_util.o [4]
?mov_w1_w3              0x0099d5         Code  Gb  vreg_util.o [4]
?mov_w1_w4              0x0099b3         Code  Gb  vreg_util.o [4]
?mov_w1_w5              0x0099e2         Code  Gb  vreg_util.o [4]
?mov_w1_w7              0x0099ef         Code  Gb  vreg_util.o [4]
?mov_w3_w1              0x0099fc         Code  Gb  vreg_util.o [4]
?mov_w3_w5              0x009a09         Code  Gb  vreg_util.o [4]
?mov_w4_w1              0x0099ba         Code  Gb  vreg_util.o [4]
?mov_w5_w0              0x0099c1         Code  Gb  vreg_util.o [4]
?mov_w5_w1              0x009a16         Code  Gb  vreg_util.o [4]
?mov_w6_w0              0x0099c8         Code  Gb  vreg_util.o [4]
?mov_w7_w1              0x009a23         Code  Gb  vreg_util.o [4]
?mov_w7_w5              0x009a30         Code  Gb  vreg_util.o [4]
?move1616_v_x_y_a       0x00b4e7         Code  Gb  move.o [4]
?neg32_l0_l0            0x009a37         Code  Gb  long.o [4]
?or32_l0_l0_0x          0x009b34         Code  Gb  long.o [4]
?or32_l0_l0_l1          0x009b31         Code  Gb  long.o [4]
?pop_l0                 0x00996d         Code  Gb  vreg_util.o [4]
?pop_l1                 0x009978         Code  Gb  vreg_util.o [4]
?pop_l2                 0x009983         Code  Gb  vreg_util.o [4]
?pop_l3                 0x00998e         Code  Gb  vreg_util.o [4]
?pop_w4                 0x00991f         Code  Gb  vreg_util.o [4]
?pop_w6                 0x009926         Code  Gb  vreg_util.o [4]
?pop_w7                 0x00992d         Code  Gb  vreg_util.o [4]
?push_l0                0x00993c         Code  Gb  vreg_util.o [4]
?push_l1                0x009941         Code  Gb  vreg_util.o [4]
?push_l2                0x009946         Code  Gb  vreg_util.o [4]
?push_l3                0x00994b         Code  Gb  vreg_util.o [4]
?push_w4                0x0098fd         Code  Gb  vreg_util.o [4]
?push_w6                0x009902         Code  Gb  vreg_util.o [4]
?push_w7                0x009907         Code  Gb  vreg_util.o [4]
?sdiv16_x_x_y           0x00b0d2         Code  Gb  short.o [4]
?sext16_x_a             0x00b0fb         Code  Gb  short.o [4]
?sext32_l0_x            0x009b5d         Code  Gb  long.o [4]
?sll16_x_x_a            0x00b0eb         Code  Gb  short.o [4]
?sll32_0x_0x_a          0x009b4f         Code  Gb  long.o [4]
?sll32_l0_l0_a          0x009b4c         Code  Gb  long.o [4]
?sll8_a_a_5             0x00b7ef         Code  Gb  char.o [4]
?sll8_a_a_6             0x00b7ee         Code  Gb  char.o [4]
?srl16_x_x_4            0x00b0f6         Code  Gb  short.o [4]
?srl16_x_x_5            0x00b0f5         Code  Gb  short.o [4]
?srl16_x_x_6            0x00b0f4         Code  Gb  short.o [4]
?srl16_x_x_7            0x00b0f3         Code  Gb  short.o [4]
?srl8_a_a_5             0x00b7f5         Code  Gb  char.o [4]
?srl8_a_a_6             0x00b7f4         Code  Gb  char.o [4]
?sub32_l0_l0_0x         0x009a7e         Code  Gb  long.o [4]
?sub32_l0_l0_l1         0x009a7b         Code  Gb  long.o [4]
?ucmp32_c_l0_l1         0x009b0b         Code  Gb  long.o [4]
?udiv32_l0_l0_dl        0x009a9b         Code  Gb  long.o [4]
?udiv32_l0_l0_l1        0x009a9e         Code  Gb  long.o [4]
?umod32_l1_l0_dl        0x009a96         Code  Gb  long.o [4]
?umod32_l1_l0_l1        0x009a9e         Code  Gb  long.o [4]
?w0                     0x000000         Data  Gb  vregs.o [4]
?w1                     0x000002         Data  Gb  vregs.o [4]
?w2                     0x000004         Data  Gb  vregs.o [4]
?w3                     0x000006         Data  Gb  vregs.o [4]
?w4                     0x000008         Data  Gb  vregs.o [4]
?w5                     0x00000a         Data  Gb  vregs.o [4]
?w6                     0x00000c         Data  Gb  vregs.o [4]
?w7                     0x00000e         Data  Gb  vregs.o [4]
ADC1_COMP_IRQHandler    0x00b8df    0x1  Code  Gb  stm8l15x_it.o [1]
AppState                0x000152    0x1  Data  Gb  main.o [1]
Buffer                  0x00002a   0xff  Data  Gb  main.o [1]
BufferSize              0x000026    0x1  Data  Gb  main.o [1]
CLK_DeInit              0x00ad7f   0x41  Code  Gb  stm8l15x_clk.o [1]
CLK_GetClockFreq        0x00a48b   0x91  Code  Gb  stm8l15x_clk.o [1]
CLK_HSICmd              0x00b79e    0xe  Code  Gb  stm8l15x_clk.o [1]
CLK_PeripheralClockConfig
                        0x00a51c   0x8e  Code  Gb  stm8l15x_clk.o [1]
CLK_SYSCLKDivConfig     0x00b8ae    0x4  Code  Gb  stm8l15x_clk.o [1]
CLK_SYSCLKSourceSwitchCmd
                        0x00b7ac    0xe  Code  Gb  stm8l15x_clk.o [1]
CSTACK$$Base            0x000700          --   Gb  - Linker created -
CSTACK$$Limit           0x000800          --   Gb  - Linker created -
Callbacks               0x000010   0x14  Data  Gb  main.o [1]
DMA1_CHANNEL0_1_IRQHandler
                        0x00b8d0    0x1  Code  Gb  stm8l15x_it.o [1]
DMA1_CHANNEL2_3_IRQHandler
                        0x00b8d1    0x1  Code  Gb  stm8l15x_it.o [1]
EXTI0_IRQHandler        0x00b8d6    0x1  Code  Gb  stm8l15x_it.o [1]
EXTI1_IRQHandler        0x008b02  0x3d2  Code  Gb  Radio_Methods.o [1]
EXTI2_IRQHandler        0x00b8d7    0x1  Code  Gb  stm8l15x_it.o [1]
EXTI3_IRQHandler        0x00b8d8    0x1  Code  Gb  stm8l15x_it.o [1]
EXTI4_IRQHandler        0x00b8d9    0x1  Code  Gb  stm8l15x_it.o [1]
EXTI5_IRQHandler        0x00b8da    0x1  Code  Gb  stm8l15x_it.o [1]
EXTI6_IRQHandler        0x00b8db    0x1  Code  Gb  stm8l15x_it.o [1]
EXTI7_IRQHandler        0x00b8dc    0x1  Code  Gb  stm8l15x_it.o [1]
EXTIB_G_IRQHandler      0x00b8d4    0x1  Code  Gb  stm8l15x_it.o [1]
EXTID_H_IRQHandler      0x00b8d5    0x1  Code  Gb  stm8l15x_it.o [1]
EXTIE_F_PVD_IRQHandler  0x00b8d3    0x1  Code  Gb  stm8l15x_it.o [1]
EXTI_ClearITPendingBit  0x00b433   0x22  Code  Gb  stm8l15x_exti.o [1]
EXTI_DeInit             0x00b476   0x21  Code  Gb  stm8l15x_exti.o [1]
EXTI_SelectPort         0x00afca   0x36  Code  Gb  stm8l15x_exti.o [1]
EXTI_SetPinSensitivity  0x009b68  0x11f  Code  Gb  stm8l15x_exti.o [1]
GPIO_ExternalPullUpConfig
                        0x00b15d   0x2c  Code  Gb  stm8l15x_gpio.o [1]
GPIO_Init               0x00a5aa   0x8e  Code  Gb  stm8l15x_gpio.o [1]
GPIO_Init_NSS_BUSY_NRESET
                        0x00ae76   0x3b  Code  Gb  LoST_GPIO.o [1]
GPIO_ReadInputDataBit   0x00b862    0x7  Code  Gb  stm8l15x_gpio.o [1]
GPIO_ToggleBits         0x00b85b    0x7  Code  Gb  stm8l15x_gpio.o [1]
GPIO_WriteBit           0x00b71a   0x12  Code  Gb  stm8l15x_gpio.o [1]
GPIO_digitalRead        0x00b5b4   0x1a  Code  Gb  LoST_GPIO.o [1]
GPIO_digitalWrite       0x00b64c   0x16  Code  Gb  LoST_GPIO.o [1]
I2C1_SPI2_IRQHandler    0x00b8ea    0x1  Code  Gb  stm8l15x_it.o [1]
INTVEC$$Base            0x008000          --   Gb  - Linker created -
INTVEC$$Limit           0x008080          --   Gb  - Linker created -
IoIrqInit               0x00b8a6    0x4  Code  Gb  Radio_Methods.o [1]
LCD_AES_IRQHandler      0x00b8dd    0x1  Code  Gb  stm8l15x_it.o [1]
LoRa                    0x00a12a   0xbf  Code  Gb  main.o [1]
RTC_CSSLSE_IRQHandler   0x00b8d2    0x1  Code  Gb  stm8l15x_it.o [1]
Radio                   0x00a638   0x82  Data  Lc  main.o [1]
Radio_GPIO_Init         0x00b662   0x16  Code  Gb  Radio_Methods.o [1]
Radio_SPI_Init          0x00b8a2    0x4  Code  Gb  Radio_Methods.o [1]
Region$$Table$$Base     0x00b497          --   Gb  - Linker created -
Region$$Table$$Limit    0x00b4a9          --   Gb  - Linker created -
RxIrqMask               0x000024    0x2  Data  Gb  main.o [1]
SPI1_IRQHandler         0x00b8e7    0x1  Code  Gb  stm8l15x_it.o [1]
SPI_Cmd                 0x00b770   0x11  Code  Gb  stm8l15x_spi.o [1]
SPI_DeInit              0x00b5e8   0x1a  Code  Gb  stm8l15x_spi.o [1]
SPI_GetFlagStatus       0x00b561   0x1d  Code  Gb  stm8l15x_spi.o [1]
SPI_Init                0x00ac6b   0x46  Code  Gb  stm8l15x_spi.o [1]
SPI_NSSInternalSoftwareCmd
                        0x00b599   0x1b  Code  Gb  stm8l15x_spi.o [1]
SPI_ReceiveData         0x00b898    0x5  Code  Gb  stm8l15x_spi.o [1]
SPI_SendData            0x00b83b    0x8  Code  Gb  stm8l15x_spi.o [1]
SPI_Transfer            0x00b3a7   0x23  Code  Gb  LoST_SPI.o [1]
SWITCH_CSS_BREAK_DAC_IRQHandler
                        0x00b8de    0x1  Code  Gb  stm8l15x_it.o [1]
SYSDivFactor            0x00b87f    0x5  Data  Gb  stm8l15x_clk.o [1]
TIM1_CC_IRQHandler      0x00b8e5    0x1  Code  Gb  stm8l15x_it.o [1]
TIM1_UPD_OVF_TRG_COM_IRQHandler
                        0x00b8e4    0x1  Code  Gb  stm8l15x_it.o [1]
TIM2_CC_USART2_RX_IRQHandler
                        0x00b8e1    0x1  Code  Gb  stm8l15x_it.o [1]
TIM2_UPD_OVF_TRG_BRK_USART2_TX_IRQHandler
                        0x00b8e0    0x1  Code  Gb  stm8l15x_it.o [1]
TIM3_CC_USART3_RX_IRQHandler
                        0x00b8e3    0x1  Code  Gb  stm8l15x_it.o [1]
TIM3_UPD_OVF_TRG_BRK_USART3_TX_IRQHandler
                        0x00b8e2    0x1  Code  Gb  stm8l15x_it.o [1]
TIM4_UPD_OVF_TRG_IRQHandler
                        0x00b8e6    0x1  Code  Gb  stm8l15x_it.o [1]
TRAP_IRQHandler         0x00b8cf    0x1  Code  Gb  stm8l15x_it.o [1]
USART1_RX_TIM5_CC_IRQHandler
                        0x00b8e9    0x1  Code  Gb  stm8l15x_it.o [1]
USART1_TX_TIM5_UPD_OVF_TRG_BRK_IRQHandler
                        0x00b8e8    0x1  Code  Gb  stm8l15x_it.o [1]
USART_ClockInit         0x00ab87   0x51  Code  Gb  stm8l15x_usart.o [1]
USART_Cmd               0x00b1b4   0x2b  Code  Gb  stm8l15x_usart.o [1]
USART_DeInit            0x00b27f   0x27  Code  Gb  stm8l15x_usart.o [1]
USART_ITConfig          0x00a3f7   0x94  Code  Gb  stm8l15x_usart.o [1]
USART_Init              0x009f90   0xcf  Code  Gb  stm8l15x_usart.o [1]
USART_SendData8         0x00b86f    0x6  Code  Gb  stm8l15x_usart.o [1]
Uart_Init               0x00aae1   0x55  Code  Gb  UART.o [1]
Uart_SendData8String    0x00b09e   0x34  Code  Gb  UART.o [1]
Uart_SendNumber         0x00a6ba   0x79  Code  Gb  UART.o [1]
WaitOnBusy              0x00b805    0xa  Code  Gb  Radio_Methods.o [1]
__Calibrate             0x00ad3b   0x44  Code  Gb  Radio_Methods.o [1]
__ClearIrqStatus        0x00b455   0x21  Code  Gb  Radio_Methods.o [1]
__DebugBreak            0x00b8eb    0x1  Code  Gb  __dbg_break.o [3]
__ForcePreambleLength   0x00b61c   0x19  Code  Gb  Radio_Methods.o [1]
__GetDioStatus          0x00ac25   0x46  Code  Gb  Radio_Methods.o [1]
__GetFirmwareVersion    0x00adfe   0x3c  Code  Gb  Radio_Methods.o [1]
__GetFrequencyError     0x009ea5   0xeb  Code  Gb  Radio_Methods.o [1]
__GetIrqStatus          0x00b2f1   0x25  Code  Gb  Radio_Methods.o [1]
__GetLoRaBandwidth      0x00a815   0x5f  Code  Gb  Radio_Methods.o [1]
__GetOpMode             0x00b8aa    0x4  Code  Gb  Radio_Methods.o [1]
__GetPacketStatus       0x008080  0x5bb  Code  Gb  Radio_Methods.o [1]
__GetPacketType         0x00af5d   0x37  Code  Gb  Radio_Methods.o [1]
__GetPayload            0x00aeb1   0x3a  Code  Gb  Radio_Methods.o [1]
__GetRangingResult      0x009da3  0x102  Code  Gb  Radio_Methods.o [1]
__GetRssiInst           0x00b35f   0x24  Code  Gb  Radio_Methods.o [1]
__GetRxBufferStatus     0x00a989   0x58  Code  Gb  Radio_Methods.o [1]
__GetStatus             0x00b102   0x2e  Code  Gb  Radio_Methods.o [1]
__Init                  0x00b2cc   0x25  Code  Gb  Radio_Methods.o [1]
__IrqState              0x000153    0x1  Data  Lc  Radio_Methods.o [1]
__LoRaBandwidth         0x000029    0x1  Data  Lc  Radio_Methods.o [1]
__OperatingMode         0x000027    0x1  Data  Lc  Radio_Methods.o [1]
__PacketType            0x000028    0x1  Data  Lc  Radio_Methods.o [1]
__PollingMode           0x000154    0x1  Data  Lc  Radio_Methods.o [1]
__ProcessIrqs           0x008ed4  0x3b9  Code  Gb  Radio_Methods.o [1]
__RangingClearFilterResult
                        0x00b410   0x23  Code  Gb  Radio_Methods.o [1]
__RangingSetFilterNumSamples
                        0x00b57e   0x1b  Code  Gb  Radio_Methods.o [1]
__ReadBuffer            0x00aa8c   0x55  Code  Gb  Radio_Methods.o [1]
__ReadCommand           0x00a7a9   0x6c  Code  Gb  Radio_Methods.o [1]
__ReadRegister          0x00a9e1   0x56  Code  Gb  Radio_Methods.o [1]
__ReadRegister_1        0x00b4a9   0x1f  Code  Gb  Radio_Methods.o [1]
__Reset                 0x00b06a   0x34  Code  Gb  Radio_Methods.o [1]
__SendPayload           0x00b258   0x27  Code  Gb  Radio_Methods.o [1]
__SetAutoFs             0x00b74e   0x11  Code  Gb  Radio_Methods.o [1]
__SetAutoTx             0x00b208   0x28  Code  Gb  Radio_Methods.o [1]
__SetBleAccessAddress   0x00b1df   0x29  Code  Gb  Radio_Methods.o [1]
__SetBleAdvertizerAccessAddress
                        0x00b790    0xe  Code  Gb  Radio_Methods.o [1]
__SetBufferBaseAddresses
                        0x00b33b   0x24  Code  Gb  Radio_Methods.o [1]
__SetCad                0x00b7e1    0xd  Code  Gb  Radio_Methods.o [1]
__SetCadParams          0x00b6a4   0x15  Code  Gb  Radio_Methods.o [1]
__SetCrcPolynomial      0x00b035   0x35  Code  Gb  Radio_Methods.o [1]
__SetCrcSeed            0x00a92e   0x5b  Code  Gb  Radio_Methods.o [1]
__SetDeviceRangingAddress
                        0x00aeeb   0x39  Code  Gb  Radio_Methods.o [1]
__SetDioIrqParams       0x00acb1   0x45  Code  Gb  Radio_Methods.o [1]
__SetFs                 0x00b7d4    0xd  Code  Gb  Radio_Methods.o [1]
__SetInterruptMode      0x00b893    0x5  Code  Gb  Radio_Methods.o [1]
__SetLongPreamble       0x00b75f   0x11  Code  Gb  Radio_Methods.o [1]
__SetModulationParams   0x00a2a5   0xb3  Code  Gb  Radio_Methods.o [1]
__SetPacketParams       0x009c87  0x11c  Code  Gb  Radio_Methods.o [1]
__SetPacketType         0x00b678   0x16  Code  Gb  Radio_Methods.o [1]
__SetPayload            0x00b635   0x17  Code  Gb  Radio_Methods.o [1]
__SetPollingMode        0x00b88e    0x5  Code  Gb  Radio_Methods.o [1]
__SetRangingCalibration
                        0x00b3ed   0x23  Code  Gb  Radio_Methods.o [1]
__SetRangingIdLength    0x00b130   0x2d  Code  Gb  Radio_Methods.o [1]
__SetRangingRequestAddress
                        0x00af24   0x39  Code  Gb  Radio_Methods.o [1]
__SetRangingRole        0x00b525   0x1e  Code  Gb  Radio_Methods.o [1]
__SetRegistersDefault   0x00b8ce    0x1  Code  Gb  Radio_Methods.o [1]
__SetRegulatorMode      0x00b73d   0x11  Code  Gb  Radio_Methods.o [1]
__SetRfFrequency        0x00a8d1   0x5d  Code  Gb  Radio_Methods.o [1]
__SetRx                 0x00b000   0x35  Code  Gb  Radio_Methods.o [1]
__SetRxDutyCycle        0x00ae3a   0x3c  Code  Gb  Radio_Methods.o [1]
__SetSaveContext        0x00b821    0x9  Code  Gb  Radio_Methods.o [1]
__SetSleep              0x00adc0   0x3e  Code  Gb  Radio_Methods.o [1]
__SetStandby            0x00b4c8   0x1f  Code  Gb  Radio_Methods.o [1]
__SetSyncWord           0x00a358   0x9f  Code  Gb  Radio_Methods.o [1]
__SetSyncWordErrorTolerance
                        0x00b3ca   0x23  Code  Gb  Radio_Methods.o [1]
__SetTx                 0x00af94   0x36  Code  Gb  Radio_Methods.o [1]
__SetTxContinuousPreamble
                        0x00b818    0x9  Code  Gb  Radio_Methods.o [1]
__SetTxContinuousWave   0x00b80f    0x9  Code  Gb  Radio_Methods.o [1]
__SetTxParams           0x00b2a6   0x26  Code  Gb  Radio_Methods.o [1]
__SetWhiteningSeed      0x00b383   0x24  Code  Gb  Radio_Methods.o [1]
__Wakeup                0x00b189   0x2b  Code  Gb  Radio_Methods.o [1]
__WriteBuffer           0x00abd8   0x4d  Code  Gb  Radio_Methods.o [1]
__WriteCommand          0x00aa37   0x55  Code  Gb  Radio_Methods.o [1]
__WriteRegister         0x00ab36   0x51  Code  Gb  Radio_Methods.o [1]
__WriteRegister_1       0x00b5ce   0x1a  Code  Gb  Radio_Methods.o [1]
__callbacks             0x00014e    0x2  Data  Lc  Radio_Methods.o [1]
__exit                  0x00b6e1   0x14  Code  Gb  __dbg_xxexit.o [3]
__iar_Dint              0x00a05f   0xcb  Code  Gb  xdint.o [4]
__iar_Dnorm             0x00979c         Code  Gb  float_libsup.o [4]
__iar_Dscale            0x00982a         Code  Gb  float_libsup.o [4]
__iar_Dtest             0x00977c         Code  Gb  float_libsup.o [4]
__iar_Dunscale          0x0097d8         Code  Gb  float_libsup.o [4]
__iar_Errno             0x000150    0x2  Data  Gb  errno.o [4]
__iar_Exp               0x009587  0x1f5  Code  Gb  xexp.o [4]
__iar_Logpoly           0x00b82a    0x9  Code  Gb  xlog.o [4]
__iar_copy_init2        0x00b230         Code  Gb  init_small.o [4]
__iar_data_init2        0x00b6cd   0x14  Code  Gb  init.o [4]
__iar_program_start     0x00b6f5         Code  Gb  cstartup.o [4]
__iar_unhandled_exception
                        0x00b8c7         Code  Gb  unhandled_exception.o [4]
__iar_zero_init2        0x00b543         Code  Gb  init_small.o [4]
__intvec                0x008000         Data  Gb  interrupt.o [4]
__low_level_init        0x00b8c1    0x3  Code  Gb  low_level_init.o [4]
_exit                   0x00b89d         Code  Gb  cexit.o [4]
_interrupt_1            0x00b8cf         Code  Gb  stm8l15x_it.o [1]
_interrupt_10           0x00b8d6         Code  Gb  stm8l15x_it.o [1]
_interrupt_11           0x008b02         Code  Gb  Radio_Methods.o [1]
_interrupt_12           0x00b8d7         Code  Gb  stm8l15x_it.o [1]
_interrupt_13           0x00b8d8         Code  Gb  stm8l15x_it.o [1]
_interrupt_14           0x00b8d9         Code  Gb  stm8l15x_it.o [1]
_interrupt_15           0x00b8da         Code  Gb  stm8l15x_it.o [1]
_interrupt_16           0x00b8db         Code  Gb  stm8l15x_it.o [1]
_interrupt_17           0x00b8dc         Code  Gb  stm8l15x_it.o [1]
_interrupt_18           0x00b8dd         Code  Gb  stm8l15x_it.o [1]
_interrupt_19           0x00b8de         Code  Gb  stm8l15x_it.o [1]
_interrupt_20           0x00b8df         Code  Gb  stm8l15x_it.o [1]
_interrupt_21           0x00b8e0         Code  Gb  stm8l15x_it.o [1]
_interrupt_22           0x00b8e1         Code  Gb  stm8l15x_it.o [1]
_interrupt_23           0x00b8e2         Code  Gb  stm8l15x_it.o [1]
_interrupt_24           0x00b8e3         Code  Gb  stm8l15x_it.o [1]
_interrupt_25           0x00b8e4         Code  Gb  stm8l15x_it.o [1]
_interrupt_26           0x00b8e5         Code  Gb  stm8l15x_it.o [1]
_interrupt_27           0x00b8e6         Code  Gb  stm8l15x_it.o [1]
_interrupt_28           0x00b8e7         Code  Gb  stm8l15x_it.o [1]
_interrupt_29           0x00b8e8         Code  Gb  stm8l15x_it.o [1]
_interrupt_30           0x00b8e9         Code  Gb  stm8l15x_it.o [1]
_interrupt_31           0x00b8ea         Code  Gb  stm8l15x_it.o [1]
_interrupt_4            0x00b8d0         Code  Gb  stm8l15x_it.o [1]
_interrupt_5            0x00b8d1         Code  Gb  stm8l15x_it.o [1]
_interrupt_6            0x00b8d2         Code  Gb  stm8l15x_it.o [1]
_interrupt_7            0x00b8d3         Code  Gb  stm8l15x_it.o [1]
_interrupt_8            0x00b8d4         Code  Gb  stm8l15x_it.o [1]
_interrupt_9            0x00b8d5         Code  Gb  stm8l15x_it.o [1]
cadDoneIRQ              0x00b8cd    0x1  Code  Gb  main.o [1]
complement2             0x00acf6   0x45  Code  Gb  Radio_Methods.o [1]
delay                   0x00b6b9   0x14  Code  Gb  Radio_Methods.o [1]
exit                    0x00b8c4    0x3  Code  Gb  exit.o [4]
getRegIRQ               0x00b781    0xf  Code  Gb  main.o [1]
initClock               0x00b708   0x12  Code  Gb  LoST_Clock.o [1]
initExternal_Interrupt_DIO1
                        0x00b72c   0x11  Code  Gb  LoST_EXT.o [1]
initSPI1                0x00a874   0x5d  Code  Gb  LoST_SPI.o [1]
internal_Pow            0x00928d  0x2e1  Code  Lc  pow.o [4]
main                    0x00a1e9   0xbc  Code  Gb  main.o [1]
memset                  0x00b68e   0x16  Code  Gb  memset.o [4]
modulationParams        0x000141    0xd  Data  Gb  main.o [1]
packetParams            0x000129   0x18  Data  Gb  main.o [1]
pow                     0x009583    0x4  Code  Gb  pow.o [4]
rangingDoneIRQ          0x00b8cc    0x1  Code  Gb  main.o [1]
rxDoneIRQ               0x00b7ba    0xd  Code  Gb  main.o [1]
rxErrorIRQ              0x00b889    0x5  Code  Gb  main.o [1]
rxHeaderDoneIRQ         0x00b8cb    0x1  Code  Gb  main.o [1]
rxSyncWordDoneIRQ       0x00b8ca    0x1  Code  Gb  main.o [1]
rxTimeoutIRQ            0x00b884    0x5  Code  Gb  main.o [1]
txDoneIRQ               0x00b7fa    0xb  Code  Gb  main.o [1]
txTimeoutIRQ            0x00b7c7    0xd  Code  Gb  main.o [1]


[1] = D:\STM\STM8L\LoRa_Tracker-pingpong\Source\Debug\Obj
[2] = command line
[3] = dbgstm8smd.a
[4] = dlstm8smf.a

  14 229 bytes of readonly  code memory
     343 bytes of readonly  data memory
     597 bytes of readwrite data memory

Errors: none
Warnings: none
